chunk: figs/-001
chunkprefix: figs/-001
fig:
cacheDB:
time: 2011-11-16 18:13:07

chunk: figs/-002
chunkprefix: figs/-002
fig:
cacheDB:
time: 2011-11-16 18:13:07

chunk: figs/-003
chunkprefix: figs/-003
fig:
cacheDB:
time: 2011-11-16 18:13:07

chunk: figs/-004
chunkprefix: figs/-004
fig: figs/-004.tikz
cacheDB:
time: 2011-11-16 18:13:07

chunk: figs/-005
chunkprefix: figs/-005
fig:
cacheDB:
time: 2011-11-16 18:13:07

chunk: figs/-006
chunkprefix: figs/-006
fig:
cacheDB:
time: 2011-11-16 18:13:07

chunk: figs/-007
chunkprefix: figs/-007
fig:
cacheDB:
time: 2011-11-16 18:13:07

chunk: figs/-008
chunkprefix: figs/-008
fig: figs/-008.tikz
cacheDB:
time: 2011-11-16 18:13:07

chunk: figs/-009
chunkprefix: figs/-009
fig:
cacheDB:
time: 2011-11-16 18:13:08

chunk: figs/-010
chunkprefix: figs/-010
fig: figs/-010.tikz
cacheDB:
time: 2011-11-16 18:13:08

chunk: figs/-011
chunkprefix: figs/-011
fig:
cacheDB:
time: 2011-11-16 18:13:08

chunk: figs/-012
chunkprefix: figs/-012
fig: figs/-012.tikz
cacheDB:
time: 2011-11-16 18:13:08

chunk: figs/-013
chunkprefix: figs/-013
fig: figs/-013.tikz
cacheDB:
time: 2011-11-16 18:13:09

